// Jest Snapshot v1, https://goo.gl/fbAQLP

exports[`The branches list should be displayed when dropdown button is clicked dropdown of branches appear 1`] = `
<div
  id="repo-features"
>
  <div
    className="m-dropdown  mr-2 mt-3"
  >
    <div
      className="m-dropdown-button"
    >
      <button
        className="btn btn-basic-dark px-2 "
        onClick={[Function]}
        type="button"
      >
        Master
        <i
          className="fa fa-chevron-down ml-2 my-auto"
        />
      </button>
    </div>
    <div
      className="m-dropdown-list-container border-rounded  mt-1"
      onClick={[Function]}
    >
      <div
        className="select-branch"
        id="branches-list"
      >
        <div
          style={
            Object {
              "fontSize": "14px",
              "margin": "0 50px",
              "padding": "0 40px",
            }
          }
        >
          <p>
            Switch Branches
          </p>
        </div>
        <hr />
        <div
          className="search-branch"
        >
          <input
            placeholder="Search branches or tags"
            type="text"
          />
          <div
            className="branches"
          >
            <ul>
              <li
                className="branch-header"
              >
                Branches
              </li>
              <li>
                <a
                  href="/my-projects/12395599/data-instance%2F664e1c60"
                  id="data-instance/664e1c60"
                  onClick={[Function]}
                >
                  <p>
                    data-instance/664e1c60
                  </p>
                </a>
              </li>
              <li>
                <a
                  href="/my-projects/12395599/data-instance%2F9ae9c8c0"
                  id="data-instance/9ae9c8c0"
                  onClick={[Function]}
                >
                  <p>
                    data-instance/9ae9c8c0
                  </p>
                </a>
              </li>
              <li>
                <a
                  href="/my-projects/12395599/master"
                  id="master"
                  onClick={[Function]}
                >
                  <p>
                    master
                  </p>
                </a>
              </li>
            </ul>
          </div>
        </div>
      </div>
    </div>
  </div>
  <div
    className="m-dropdown  mr-2 mt-3"
  >
    <div
      className="m-dropdown-button"
    >
      <button
        className="btn btn-basic-dark px-2 "
        onClick={[Function]}
        type="button"
      >
        <i
          className="fa fa-plus"
        />
        <i
          className="fa fa-chevron-down ml-2 my-auto"
        />
      </button>
    </div>
    <div
      className="m-dropdown-list-container border-rounded  mt-1"
      onClick={[Function]}
    >
      <div
        className="plus-dropdown"
      >
        <ul
          className="plus-list"
        >
          <li>
            This directory
          </li>
          <hr />
          <li>
            This repository
          </li>
          <li
            className="plus-option"
          >
            <a
              href="/my-projects/12395599/new-branch"
              onClick={[Function]}
            >
              New branch
            </a>
          </li>
        </ul>
      </div>
    </div>
  </div>
  <a
    className="btn btn-dark px-3 mr-2 mt-3"
    href="/my-projects/12395599/pipe-line"
    onClick={[Function]}
  >
    Data Pipeline
  </a>
  <a
    className="btn btn-dark px-3 mr-auto mt-3"
    href="/my-projects/12395599/empty-data-visualization"
    onClick={[Function]}
  >
    Data Visualisation
  </a>
  <a
    className="btn btn-outline-dark mt-3"
    href="/my-projects/12395599/master/commits/"
    onClick={[Function]}
  >
    History
  </a>
</div>
`;
