// Jest Snapshot v1, https://goo.gl/fbAQLP

exports[`render basic landing view elements assert that snapshot matches 1`] = `
<div
  className="landing-container"
>
  <div
    className="first-state"
  >
    <h2
      className="title-lg"
    >
      Welcome to MLReef
      <br />
      @mlreef
    </h2>
  </div>
  <div
    className="second-state"
  >
    <div
      className="register-landing-view-tutorial border-rounded"
    >
      <div
        className="register-landing-view-tutorial-content"
      >
        <h4>
          Start with a tutorial
        </h4>
        <p>
          Learn MLReef by our curated hands-on video tutorials
        </p>
        <div
          className="m-select m-dropdown  "
        >
          <div
            className="m-select-button m-dropdown-button"
          >
            <button
              className="btn btn-outline-dark d-flex w-100"
              disabled={false}
              onClick={[Function]}
              type="button"
            >
              <span>
                MLReef Basics
              </span>
              <i
                className="fa fa-chevron-down ml-auto my-auto mr-0"
              />
            </button>
          </div>
          <div
            className="m-select-list-container container-shadow border-rounded m-dropdown-list-container"
          >
            <ul
              className="m-select-list m-dropdown-list"
            >
              <li
                className="m-select-list-item m-dropdown-list-item"
                onClick={[Function]}
              >
                MLReef Basics
              </li>
            </ul>
          </div>
        </div>
        <a
          className="btn btn-primary my-3"
          href="/mlreef/showcase-mlreef?tutorial=1&id=1"
          onClick={[Function]}
        >
          Start tutorial
        </a>
      </div>
      <div
        className="register-landing-view-tutorial-image border-rounded"
        style={
          Object {
            "backgroundImage": "url(/images/tutorials/1/front.png)",
          }
        }
      />
    </div>
    <div
      className="user-options"
    >
      <a
        className="option-link mb-3 info-box"
        href="/new-project/classification/ml-project"
        onClick={[Function]}
      >
        <div
          className="option-icon"
          style={
            Object {
              "backgroundColor": "var(--info)",
            }
          }
        />
        <div
          className="state-body pl-3"
        >
          <h4
            className="state-title mt-0"
          >
            Create a Project
          </h4>
          <p
            className="state-text mt-0"
          >
            In MLReef there are ML projects, which host your data and experiments. Furthermore you can create code only projects for data operations, data visualizations and ML models.
          </p>
        </div>
      </a>
      <a
        className="option-link mb-3 success-box"
        href="/groups/new"
        onClick={[Function]}
      >
        <div
          className="option-icon"
          style={
            Object {
              "backgroundColor": "var(--success)",
            }
          }
        />
        <div
          className="state-body"
        >
          <h4
            className="state-title mt-0"
          >
            Create a Group
          </h4>
          <p
            className="state-text"
          >
            In a group you can manage shared projects and coordinate with your group members.
          </p>
        </div>
      </a>
      <a
        className="option-link mb-3 danger-box"
        href="/#explore"
        onClick={[Function]}
      >
        <div
          className="option-icon"
          style={
            Object {
              "backgroundColor": "var(--danger)",
            }
          }
        />
        <div
          className="state-body"
        >
          <h4
            className="state-title mt-0"
          >
            Explore Public Projects
          </h4>
          <p
            className="state-text"
          >
            Public projects are an easy way to get started. Explore the ever growing number of projects, get inspired and be part of the reef
          </p>
        </div>
      </a>
      <a
        className="option-link mb-3 warning-box"
        href="https://doc.mlreef.com/"
        rel="noopener noreferrer"
        target="_blank"
      >
        <div
          className="option-icon"
          style={
            Object {
              "backgroundColor": "var(--warning)",
            }
          }
        />
        <div
          className="state-body"
        >
          <h4
            className="state-title mt-0"
          >
            Learn more about MLReef
          </h4>
          <p
            className="state-text"
          >
            Take a look at the documentation to know about all capabilities of MLReef
          </p>
        </div>
      </a>
    </div>
  </div>
</div>
`;
