// Jest Snapshot v1, https://goo.gl/fbAQLP

exports[`test presence of elements in DOM compare with the latest snapshot of the empty view 1`] = `
<div
  id="experiments-overview-container"
>
  <div
    className="navbar"
  >
    <div
      className="w-100 px-3 d-flex"
    >
      <div
        className="my-auto"
      >
        <a
          href="/explore"
          onClick={[Function]}
        >
          <img
            alt=""
            className="logo"
            src={
              Object {
                "canInstrument": true,
                "createTransformer": [Function],
                "getCacheKey": [Function],
                "process": [Function],
              }
            }
          />
        </a>
      </div>
      <div
        className="m-dropdown  ml-3 my-auto"
      >
        <div
          className="m-dropdown-button"
        >
          <button
            className="btn btn-dark px-1 "
            onClick={[Function]}
            type="button"
          >
            Projects
            <i
              className="fa fa-chevron-down ml-2 my-auto"
            />
          </button>
        </div>
        <div
          className="m-dropdown-list-container border-rounded  mt-1"
          onClick={[Function]}
        >
          <div
            className="project-box"
          >
            <div
              className="user-projects"
            >
              <p>
                <a
                  href="/explore"
                  onClick={[Function]}
                >
                  Explore projects
                </a>
              </p>
            </div>
            <div
              className="project-search"
            >
              <input
                placeholder="Search your projects"
                type="text"
              />
              <div
                className="mt-3"
              >
                <b>
                  Frequently visited
                </b>
              </div>
            </div>
          </div>
        </div>
      </div>
      <div
        className="m-dropdown  ml-3 my-auto"
      >
        <div
          className="m-dropdown-button"
        >
          <button
            className="btn btn-dark px-1 "
            onClick={[Function]}
            type="button"
          >
            Groups
            <i
              className="fa fa-chevron-down ml-2 my-auto"
            />
          </button>
        </div>
        <div
          className="m-dropdown-list-container border-rounded  mt-1"
          onClick={[Function]}
        >
          <div
            className="project-box"
          >
            <div
              className="user-projects"
            >
              <p>
                Explore Groups
              </p>
            </div>
            <div
              className="project-search"
            >
              <input
                placeholder="Search your groups"
                type="text"
              />
              <div
                className="mt-3"
              >
                <b>
                  Frequently visited
                </b>
              </div>
            </div>
          </div>
        </div>
      </div>
      <div
        className="d-none d-lg-flex ml-auto my-auto"
      >
        <a
          className="btn btn-sm btn-dark mr-3 px-3"
          href="/login?redirect=goback"
          onClick={[Function]}
        >
          Sign in
        </a>
        <a
          className="btn btn-sm btn-outline-secondary keep-border"
          href="/register"
          onClick={[Function]}
        >
          Register
        </a>
      </div>
    </div>
  </div>
  <div
    className="project-container"
    style={
      Object {
        "backgroundColor": "#e5e5e5",
      }
    }
  >
    <div
      className="project-details main-content"
    >
      <div
        className="project-nav"
      >
        <p
          className="px-1"
        >
           my-namespace &gt; 
        </p>
        <a
          href="/my-namespace/the-project-name"
          onClick={[Function]}
        >
          <p
            className="px-1"
          >
             demo &gt; 
          </p>
        </a>
        <p
          className="px-1"
        >
           Experiments 
        </p>
      </div>
      <div
        className="project-info"
      >
        <div
          className="project-id"
        >
          <a
            href="/my-namespace/the-project-name"
            onClick={[Function]}
          >
            <div
              className="project-pic overflow-hidden"
            >
              <img
                alt=""
                src="https://gitlab.com/uploads/-/system/project/avatar/12395599/shutterstock_129655604-Converted-copy-text.png"
                style={
                  Object {
                    "minWidth": "100%",
                  }
                }
              />
            </div>
          </a>
          <div
            className="project-name"
          >
            <a
              href="/my-namespace/the-project-name"
              id="projectName"
              onClick={[Function]}
            >
              demo
            </a>
            <p
              id="projectId"
            >
              Project ID:
              this-is-the-mlreef-uuid
               
              | 
              0
               used
            </p>
          </div>
        </div>
        <div
          className="project-options"
        >
          <div
            className="options d-flex mr-2"
          >
            <button
              className="option-name btn btn-hidden border-rounded-left py-2 px-3 my-0"
              type="button"
            >
              <img
                alt=""
                className="mr-0 mr-lg-1"
                id="option-image"
                src="/images/svg/star_01.svg"
              />
              <span
                className="my-auto d-none d-lg-block"
              >
                Star
              </span>
            </button>
            <div
              className="counter border-rounded-right h-100"
            >
              <span>
                2
              </span>
            </div>
          </div>
          <div
            className="options d-flex mr-2"
          >
            <button
              className="option-name btn btn-hidden border-rounded-left py-2 px-3 my-0"
              onClick={[Function]}
              type="button"
            >
              <img
                alt=""
                className="mr-0 mr-lg-1"
                id="option-image"
                src="/images/svg/fork_01.svg"
              />
              <span
                className="my-auto d-none d-lg-block"
              >
                Fork
              </span>
            </button>
            <div
              className="counter border-rounded-right h-100"
            >
              <span>
                1
              </span>
            </div>
          </div>
          <div
            className="options d-flex"
          >
            <div
              className="option-name border-rounded-left py-2 px-3 my-0"
            >
              <img
                alt=""
                className="mr-0 mr-lg-1"
                id="option-image"
                src="/images/svg/clone_01.svg"
              />
              <span
                className="my-auto d-none d-lg-block"
              >
                Clone
              </span>
            </div>
            <div
              className="border-rounded-right h-100 counter clone-dropdown"
              id="t-clonedropdown-toggle"
              onClick={[Function]}
              style={
                Object {
                  "cursor": "pointer",
                }
              }
            >
              <span
                className="fa fa-chevron-down"
                role="button"
              />
            </div>
          </div>
        </div>
      </div>
      <section
        className="m-paragraph project-desc"
      >
        <p
          className="m-paragraph-line "
        >
          This is MLReefÂ´s demo repository.
        </p>
      </section>
      <div
        className="feature-list"
      >
        <a
          className="feature"
          href="/my-namespace/the-project-name"
          id="data"
          onClick={[Function]}
        >
          Data
        </a>
        <a
          className="feature"
          href="/my-projects/12395599/insights/-/jobs"
          id="insights"
          onClick={[Function]}
        >
          Insights
        </a>
      </div>
    </div>
  </div>
  <div
    className="main-content"
  >
    <div
      className="epmty-experiment-logo"
    >
      <img
        alt="Create an experiment"
        src={
          Object {
            "canInstrument": true,
            "createTransformer": [Function],
            "getCacheKey": [Function],
            "process": [Function],
          }
        }
        width="240"
      />
      <span>
        You don't have any experiment in your ML project
      </span>
      <p>
        Why not start one?
      </p>
      <button
        className=" btn btn-primary"
        disabled={false}
        id="new-experiment"
        onClick={[Function]}
        type="button"
        variant="contained"
      >
        Start an experiment
      </button>
    </div>
  </div>
  <br />
  <br />
</div>
`;
